Archive member included to satisfy reference by file (symbol)

d:/programlar/attolic/truestudio for stm32 9.3.0/armtools/bin/../lib/gcc/arm-atollic-eabi/6.3.1/../../../../arm-atollic-eabi/lib/armv6-m\libc_nano.a(lib_a-errno.o)
                              Core\Src\syscalls.o (__errno)
d:/programlar/attolic/truestudio for stm32 9.3.0/armtools/bin/../lib/gcc/arm-atollic-eabi/6.3.1/../../../../arm-atollic-eabi/lib/armv6-m\libc_nano.a(lib_a-impure.o)
                              d:/programlar/attolic/truestudio for stm32 9.3.0/armtools/bin/../lib/gcc/arm-atollic-eabi/6.3.1/../../../../arm-atollic-eabi/lib/armv6-m\libc_nano.a(lib_a-errno.o) (_impure_ptr)
d:/programlar/attolic/truestudio for stm32 9.3.0/armtools/bin/../lib/gcc/arm-atollic-eabi/6.3.1/../../../../arm-atollic-eabi/lib/armv6-m\libc_nano.a(lib_a-init.o)
                              startup\startup_stm32l053xx.o (__libc_init_array)
d:/programlar/attolic/truestudio for stm32 9.3.0/armtools/bin/../lib/gcc/arm-atollic-eabi/6.3.1/../../../../arm-atollic-eabi/lib/armv6-m\libc_nano.a(lib_a-memset.o)
                              Core\Src\main.o (memset)
d:/programlar/attolic/truestudio for stm32 9.3.0/armtools/bin/../lib/gcc/arm-atollic-eabi/6.3.1/armv6-m\libgcc.a(_udivsi3.o)
                              Core\Src\system_stm32l0xx.o (__aeabi_uidiv)
d:/programlar/attolic/truestudio for stm32 9.3.0/armtools/bin/../lib/gcc/arm-atollic-eabi/6.3.1/armv6-m\libgcc.a(_dvmd_tls.o)
                              d:/programlar/attolic/truestudio for stm32 9.3.0/armtools/bin/../lib/gcc/arm-atollic-eabi/6.3.1/armv6-m\libgcc.a(_udivsi3.o) (__aeabi_idiv0)
d:/programlar/attolic/truestudio for stm32 9.3.0/armtools/bin/../lib/gcc/arm-atollic-eabi/6.3.1/armv6-m\libgcc.a(_aeabi_uldivmod.o)
                              Drivers\STM32L0xx_HAL_Driver\Src\stm32l0xx_hal_rcc.o (__aeabi_uldivmod)
d:/programlar/attolic/truestudio for stm32 9.3.0/armtools/bin/../lib/gcc/arm-atollic-eabi/6.3.1/armv6-m\libgcc.a(_muldi3.o)
                              Drivers\STM32L0xx_HAL_Driver\Src\stm32l0xx_hal_rcc.o (__aeabi_lmul)
d:/programlar/attolic/truestudio for stm32 9.3.0/armtools/bin/../lib/gcc/arm-atollic-eabi/6.3.1/armv6-m\libgcc.a(_udivmoddi4.o)
                              d:/programlar/attolic/truestudio for stm32 9.3.0/armtools/bin/../lib/gcc/arm-atollic-eabi/6.3.1/armv6-m\libgcc.a(_aeabi_uldivmod.o) (__udivmoddi4)
d:/programlar/attolic/truestudio for stm32 9.3.0/armtools/bin/../lib/gcc/arm-atollic-eabi/6.3.1/armv6-m\libgcc.a(_clzdi2.o)
                              d:/programlar/attolic/truestudio for stm32 9.3.0/armtools/bin/../lib/gcc/arm-atollic-eabi/6.3.1/armv6-m\libgcc.a(_udivmoddi4.o) (__clzdi2)
d:/programlar/attolic/truestudio for stm32 9.3.0/armtools/bin/../lib/gcc/arm-atollic-eabi/6.3.1/armv6-m\libgcc.a(_clzsi2.o)
                              d:/programlar/attolic/truestudio for stm32 9.3.0/armtools/bin/../lib/gcc/arm-atollic-eabi/6.3.1/armv6-m\libgcc.a(_clzdi2.o) (__clzsi2)

Allocating common symbols
Common symbol       size              file

hdma_usart2_rx      0x48              Core\Src\main.o
Gl_tur              0x5               Core\Src\main.o
Gl_step             0x5               Core\Src\main.o
uwTick              0x4               Drivers\STM32L0xx_HAL_Driver\Src\stm32l0xx_hal.o
pFlash              0x18              Drivers\STM32L0xx_HAL_Driver\Src\stm32l0xx_hal_flash.o
Uart_Data           0xa               Core\Src\stm32l0xx_it.o
hdma_usart2_tx      0x48              Core\Src\main.o
Rx_Byte             0x1               Core\Src\stm32l0xx_it.o
Gl_sol_flag         0x1               Core\Src\main.o
Gl_sag_flag         0x1               Core\Src\main.o
index_no            0x1               Core\Src\main.o
Gl_frekans          0x5               Core\Src\main.o
huart2              0x84              Core\Src\main.o
Gl_saniye           0x5               Core\Src\main.o
Gl_adim_dondurme_flag
                    0x1               Core\Src\main.o

Discarded input sections

 .text          0x00000000        0x0 d:/programlar/attolic/truestudio for stm32 9.3.0/armtools/bin/../lib/gcc/arm-atollic-eabi/6.3.1/armv6-m/crti.o
 .data          0x00000000        0x0 d:/programlar/attolic/truestudio for stm32 9.3.0/armtools/bin/../lib/gcc/arm-atollic-eabi/6.3.1/armv6-m/crti.o
 .bss           0x00000000        0x0 d:/programlar/attolic/truestudio for stm32 9.3.0/armtools/bin/../lib/gcc/arm-atollic-eabi/6.3.1/armv6-m/crti.o
 .data          0x00000000        0x4 d:/programlar/attolic/truestudio for stm32 9.3.0/armtools/bin/../lib/gcc/arm-atollic-eabi/6.3.1/armv6-m/crtbegin.o
 .text          0x00000000        0x0 Core\Src\main.o
 .data          0x00000000        0x0 Core\Src\main.o
 .bss           0x00000000        0x0 Core\Src\main.o
 .data.myTxData
                0x00000000       0x64 Core\Src\main.o
 .bss.myRxData_gelen
                0x00000000        0x1 Core\Src\main.o
 .bss.myTx_sayac
                0x00000000        0x1 Core\Src\main.o
[...]
Memory Configuration

Name             Origin             Length             Attributes
RAM              0x20000000         0x00002000         xrw
FLASH            0x08000000         0x00010000         xr
*default*        0x00000000         0xffffffff

Linker script and memory map

LOAD d:/programlar/attolic/truestudio for stm32 9.3.0/armtools/bin/../lib/gcc/arm-atollic-eabi/6.3.1/armv6-m/crti.o
LOAD d:/programlar/attolic/truestudio for stm32 9.3.0/armtools/bin/../lib/gcc/arm-atollic-eabi/6.3.1/armv6-m/crtbegin.o
LOAD Core\Src\main.o
LOAD Core\Src\stm32l0xx_hal_msp.o
LOAD Core\Src\stm32l0xx_it.o
LOAD Core\Src\syscalls.o
LOAD Core\Src\system_stm32l0xx.o
LOAD Drivers\STM32L0xx_HAL_Driver\Src\stm32l0xx_hal.o
LOAD Drivers\STM32L0xx_HAL_Driver\Src\stm32l0xx_hal_cortex.o
LOAD Drivers\STM32L0xx_HAL_Driver\Src\stm32l0xx_hal_dma.o
LOAD Drivers\STM32L0xx_HAL_Driver\Src\stm32l0xx_hal_exti.o
LOAD Drivers\STM32L0xx_HAL_Driver\Src\stm32l0xx_hal_flash.o
LOAD Drivers\STM32L0xx_HAL_Driver\Src\stm32l0xx_hal_flash_ex.o
LOAD Drivers\STM32L0xx_HAL_Driver\Src\stm32l0xx_hal_flash_ramfunc.o
LOAD Drivers\STM32L0xx_HAL_Driver\Src\stm32l0xx_hal_gpio.o
LOAD Drivers\STM32L0xx_HAL_Driver\Src\stm32l0xx_hal_i2c.o
LOAD Drivers\STM32L0xx_HAL_Driver\Src\stm32l0xx_hal_i2c_ex.o
LOAD Drivers\STM32L0xx_HAL_Driver\Src\stm32l0xx_hal_pwr.o
LOAD Drivers\STM32L0xx_HAL_Driver\Src\stm32l0xx_hal_pwr_ex.o
LOAD Drivers\STM32L0xx_HAL_Driver\Src\stm32l0xx_hal_rcc.o
LOAD Drivers\STM32L0xx_HAL_Driver\Src\stm32l0xx_hal_rcc_ex.o
LOAD Drivers\STM32L0xx_HAL_Driver\Src\stm32l0xx_hal_tim.o
LOAD Drivers\STM32L0xx_HAL_Driver\Src\stm32l0xx_hal_tim_ex.o
LOAD Drivers\STM32L0xx_HAL_Driver\Src\stm32l0xx_hal_uart.o
LOAD Drivers\STM32L0xx_HAL_Driver\Src\stm32l0xx_hal_uart_ex.o
LOAD startup\startup_stm32l053xx.o
                0x00000080                malloc_getpagesize_P = 0x80
START GROUP
LOAD d:/programlar/attolic/truestudio for stm32 9.3.0/armtools/bin/../lib/gcc/arm-atollic-eabi/6.3.1/../../../../arm-atollic-eabi/lib/armv6-m\libc_nano.a
LOAD d:/programlar/attolic/truestudio for stm32 9.3.0/armtools/bin/../lib/gcc/arm-atollic-eabi/6.3.1/../../../../arm-atollic-eabi/lib/armv6-m\libm.a
END GROUP
START GROUP
LOAD d:/programlar/attolic/truestudio for stm32 9.3.0/armtools/bin/../lib/gcc/arm-atollic-eabi/6.3.1/armv6-m\libgcc.a
LOAD d:/programlar/attolic/truestudio for stm32 9.3.0/armtools/bin/../lib/gcc/arm-atollic-eabi/6.3.1/../../../../arm-atollic-eabi/lib/armv6-m\libc_nano.a
END GROUP
START GROUP
LOAD d:/programlar/attolic/truestudio for stm32 9.3.0/armtools/bin/../lib/gcc/arm-atollic-eabi/6.3.1/armv6-m\libgcc.a
LOAD d:/programlar/attolic/truestudio for stm32 9.3.0/armtools/bin/../lib/gcc/arm-atollic-eabi/6.3.1/../../../../arm-atollic-eabi/lib/armv6-m\libc_nano.a
LOAD d:/programlar/attolic/truestudio for stm32 9.3.0/armtools/bin/../lib/gcc/arm-atollic-eabi/6.3.1/../../../../arm-atollic-eabi/lib/armv6-m\libnosys.a
END GROUP
START GROUP
LOAD d:/programlar/attolic/truestudio for stm32 9.3.0/armtools/bin/../lib/gcc/arm-atollic-eabi/6.3.1/armv6-m\libgcc.a
LOAD d:/programlar/attolic/truestudio for stm32 9.3.0/armtools/bin/../lib/gcc/arm-atollic-eabi/6.3.1/../../../../arm-atollic-eabi/lib/armv6-m\libc_nano.a
LOAD d:/programlar/attolic/truestudio for stm32 9.3.0/armtools/bin/../lib/gcc/arm-atollic-eabi/6.3.1/../../../../arm-atollic-eabi/lib/armv6-m\libnosys.a
END GROUP
LOAD d:/programlar/attolic/truestudio for stm32 9.3.0/armtools/bin/../lib/gcc/arm-atollic-eabi/6.3.1/armv6-m/crtend.o
LOAD d:/programlar/attolic/truestudio for stm32 9.3.0/armtools/bin/../lib/gcc/arm-atollic-eabi/6.3.1/armv6-m/crtn.o
                0x20002000                _estack = 0x20002000
                0x00000200                _Min_Heap_Size = 0x200
                0x00000400                _Min_Stack_Size = 0x400

.isr_vector     0x08000000       0xc0
                0x08000000                . = ALIGN (0x4)
 *(.isr_vector)
 .isr_vector    0x08000000       0xc0 startup\startup_stm32l053xx.o
                0x08000000                g_pfnVectors
                0x080000c0                . = ALIGN (0x4)

.text           0x080000c0     0x3aac
                0x080000c0                . = ALIGN (0x4)
 *(.text)
 .text          0x080000c0       0x48 d:/programlar/attolic/truestudio for stm32 9.3.0/armtools/bin/../lib/gcc/arm-atollic-eabi/6.3.1/armv6-m/crtbegin.o
 .text          0x08000108      0x114 d:/programlar/attolic/truestudio for stm32 9.3.0/armtools/bin/../lib/gcc/arm-atollic-eabi/6.3.1/armv6-m\libgcc.a(_udivsi3.o)
                0x08000108                __aeabi_uidiv
                0x08000108                __udivsi3
                0x08000214                __aeabi_uidivmod
 .text          0x0800021c        0x4 d:/programlar/attolic/truestudio for stm32 9.3.0/armtools/bin/../lib/gcc/arm-atollic-eabi/6.3.1/armv6-m\libgcc.a(_dvmd_tls.o)
                0x0800021c                __aeabi_idiv0
                0x0800021c                __aeabi_ldiv0
 .text          0x08000220       0x40 d:/programlar/attolic/truestudio for stm32 9.3.0/armtools/bin/../lib/gcc/arm-atollic-eabi/6.3.1/armv6-m\libgcc.a(_aeabi_uldivmod.o)
                0x08000220                __aeabi_uldivmod
 .text          0x08000260       0x54 d:/programlar/attolic/truestudio for stm32 9.3.0/armtools/bin/../lib/gcc/arm-atollic-eabi/6.3.1/armv6-m\libgcc.a(_muldi3.o)
                0x08000260                __muldi3
                0x08000260                __aeabi_lmul
 .text          0x080002b4      0x180 d:/programlar/attolic/truestudio for stm32 9.3.0/armtools/bin/../lib/gcc/arm-atollic-eabi/6.3.1/armv6-m\libgcc.a(_udivmoddi4.o)
                0x080002b4                __udivmoddi4
 .text          0x08000434       0x18 d:/programlar/attolic/truestudio for stm32 9.3.0/armtools/bin/../lib/gcc/arm-atollic-eabi/6.3.1/armv6-m\libgcc.a(_clzdi2.o)
                0x08000434                __clzdi2
 .text          0x0800044c       0x3c d:/programlar/attolic/truestudio for stm32 9.3.0/armtools/bin/../lib/gcc/arm-atollic-eabi/6.3.1/armv6-m\libgcc.a(_clzsi2.o)
                0x0800044c                __clzsi2
 *(.text*)
 .text.main     0x08000488       0xc4 Core\Src\main.o
                0x08000488                main
 .text.SystemClock_Config
                0x0800054c       0xf8 Core\Src\main.o
                0x0800054c                SystemClock_Config
 .text.MX_USART2_UART_Init
                0x08000644       0x60 Core\Src\main.o
 .text.MX_DMA_Init
                0x080006a4       0x3c Core\Src\main.o
 .text.MX_GPIO_Init
                0x080006e0       0x90 Core\Src\main.o
 .text.bekle_flag_fonksiyon
                0x08000770       0x48 Core\Src\main.o
                0x08000770                bekle_flag_fonksiyon
 .text.bitme_biti
                0x080007b8       0x30 Core\Src\main.o
                0x080007b8                bitme_biti
 .text.veri_hesapla
                0x080007e8       0x38 Core\Src\main.o
                0x080007e8                veri_hesapla
 .text.step_flag
                0x08000820       0x2c Core\Src\main.o
                0x08000820                step_flag
 .text.frekans_flag
                0x0800084c       0x2c Core\Src\main.o
                0x0800084c                frekans_flag
 .text.led      0x08000878       0x3c Core\Src\main.o
                0x08000878                led
 .text.saniye_flag
                0x080008b4       0x2c Core\Src\main.o
                0x080008b4                saniye_flag
 .text.tur_flag
                0x080008e0       0x2c Core\Src\main.o
                0x080008e0                tur_flag
 .text.adim_dondur
                0x0800090c       0x88 Core\Src\main.o
                0x0800090c                adim_dondur
 .text.HAL_UART_RxCpltCallback
                0x08000994       0x24 Core\Src\main.o
                0x08000994                HAL_UART_RxCpltCallback
 .text.Error_Handler
                0x080009b8        0x8 Core\Src\main.o
                0x080009b8                Error_Handler
 .text.HAL_MspInit
                0x080009c0       0x38 Core\Src\stm32l0xx_hal_msp.o
                0x080009c0                HAL_MspInit
 .text.HAL_UART_MspInit
                0x080009f8      0x158 Core\Src\stm32l0xx_hal_msp.o
                0x080009f8                HAL_UART_MspInit
 .text.NMI_Handler
                0x08000b50        0x6 Core\Src\stm32l0xx_it.o
                0x08000b50                NMI_Handler
 .text.HardFault_Handler
                0x08000b56        0x6 Core\Src\stm32l0xx_it.o
                0x08000b56                HardFault_Handler
 .text.SVC_Handler
                0x08000b5c        0xa Core\Src\stm32l0xx_it.o
                0x08000b5c                SVC_Handler
 .text.PendSV_Handler
                0x08000b66        0xa Core\Src\stm32l0xx_it.o
                0x08000b66                PendSV_Handler
 .text.SysTick_Handler
                0x08000b70        0xe Core\Src\stm32l0xx_it.o
                0x08000b70                SysTick_Handler
 .text.RCC_CRS_IRQHandler
                0x08000b7e        0xa Core\Src\stm32l0xx_it.o
                0x08000b7e                RCC_CRS_IRQHandler
 .text.DMA1_Channel4_5_6_7_IRQHandler
                0x08000b88       0x24 Core\Src\stm32l0xx_it.o
                0x08000b88                DMA1_Channel4_5_6_7_IRQHandler
 .text.USART2_IRQHandler
                0x08000bac       0x18 Core\Src\stm32l0xx_it.o
                0x08000bac                USART2_IRQHandler
 .text.SystemInit
                0x08000bc4        0xa Core\Src\system_stm32l0xx.o
                0x08000bc4                SystemInit
 *fill*         0x08000bce        0x2 
 .text.HAL_Init
                0x08000bd0       0x40 Drivers\STM32L0xx_HAL_Driver\Src\stm32l0xx_hal.o
                0x08000bd0                HAL_Init
 .text.HAL_InitTick
                0x08000c10       0x68 Drivers\STM32L0xx_HAL_Driver\Src\stm32l0xx_hal.o
                0x08000c10                HAL_InitTick
 .text.HAL_IncTick
                0x08000c78       0x24 Drivers\STM32L0xx_HAL_Driver\Src\stm32l0xx_hal.o
                0x08000c78                HAL_IncTick
 .text.HAL_GetTick
                0x08000c9c       0x14 Drivers\STM32L0xx_HAL_Driver\Src\stm32l0xx_hal.o
                0x08000c9c                HAL_GetTick
 .text.HAL_Delay
                0x08000cb0       0x44 Drivers\STM32L0xx_HAL_Driver\Src\stm32l0xx_hal.o
                0x08000cb0                HAL_Delay
 .text.__NVIC_EnableIRQ
                0x08000cf4       0x34 Drivers\STM32L0xx_HAL_Driver\Src\stm32l0xx_hal_cortex.o
 .text.__NVIC_SetPriority
                0x08000d28       0xdc Drivers\STM32L0xx_HAL_Driver\Src\stm32l0xx_hal_cortex.o
 .text.SysTick_Config
                0x08000e04       0x48 Drivers\STM32L0xx_HAL_Driver\Src\stm32l0xx_hal_cortex.o
 .text.HAL_NVIC_SetPriority
                0x08000e4c       0x2c Drivers\STM32L0xx_HAL_Driver\Src\stm32l0xx_hal_cortex.o
                0x08000e4c                HAL_NVIC_SetPriority
 .text.HAL_NVIC_EnableIRQ
                0x08000e78       0x20 Drivers\STM32L0xx_HAL_Driver\Src\stm32l0xx_hal_cortex.o
                0x08000e78                HAL_NVIC_EnableIRQ
 .text.HAL_SYSTICK_Config
                0x08000e98       0x1a Drivers\STM32L0xx_HAL_Driver\Src\stm32l0xx_hal_cortex.o
                0x08000e98                HAL_SYSTICK_Config
 *fill*         0x08000eb2        0x2 
 .text.HAL_DMA_Init
                0x08000eb4       0xf0 Drivers\STM32L0xx_HAL_Driver\Src\stm32l0xx_hal_dma.o
                0x08000eb4                HAL_DMA_Init
 .text.HAL_DMA_Abort
                0x08000fa4       0x80 Drivers\STM32L0xx_HAL_Driver\Src\stm32l0xx_hal_dma.o
                0x08000fa4                HAL_DMA_Abort
 .text.HAL_DMA_Abort_IT
                0x08001024       0x90 Drivers\STM32L0xx_HAL_Driver\Src\stm32l0xx_hal_dma.o
                0x08001024                HAL_DMA_Abort_IT
 .text.HAL_DMA_IRQHandler
                0x080010b4      0x15c Drivers\STM32L0xx_HAL_Driver\Src\stm32l0xx_hal_dma.o
                0x080010b4                HAL_DMA_IRQHandler
 .text.HAL_GPIO_Init
                0x08001210      0x2ec Drivers\STM32L0xx_HAL_Driver\Src\stm32l0xx_hal_gpio.o
                0x08001210                HAL_GPIO_Init
 .text.HAL_GPIO_WritePin
                0x080014fc       0x3a Drivers\STM32L0xx_HAL_Driver\Src\stm32l0xx_hal_gpio.o
                0x080014fc                HAL_GPIO_WritePin
 .text.HAL_GPIO_TogglePin
                0x08001536       0x36 Drivers\STM32L0xx_HAL_Driver\Src\stm32l0xx_hal_gpio.o
                0x08001536                HAL_GPIO_TogglePin
 .text.HAL_RCC_OscConfig
                0x0800156c      0x784 Drivers\STM32L0xx_HAL_Driver\Src\stm32l0xx_hal_rcc.o
                0x0800156c                HAL_RCC_OscConfig
 .text.HAL_RCC_ClockConfig
                0x08001cf0      0x290 Drivers\STM32L0xx_HAL_Driver\Src\stm32l0xx_hal_rcc.o
                0x08001cf0                HAL_RCC_ClockConfig
 .text.HAL_RCC_GetSysClockFreq
                0x08001f80      0x144 Drivers\STM32L0xx_HAL_Driver\Src\stm32l0xx_hal_rcc.o
                0x08001f80                HAL_RCC_GetSysClockFreq
 .text.HAL_RCC_GetHCLKFreq
                0x080020c4       0x14 Drivers\STM32L0xx_HAL_Driver\Src\stm32l0xx_hal_rcc.o
                0x080020c4                HAL_RCC_GetHCLKFreq
 .text.HAL_RCC_GetPCLK1Freq
                0x080020d8       0x2c Drivers\STM32L0xx_HAL_Driver\Src\stm32l0xx_hal_rcc.o
                0x080020d8                HAL_RCC_GetPCLK1Freq
 .text.HAL_RCC_GetPCLK2Freq
                0x08002104       0x2c Drivers\STM32L0xx_HAL_Driver\Src\stm32l0xx_hal_rcc.o
                0x08002104                HAL_RCC_GetPCLK2Freq
 .text.HAL_RCCEx_PeriphCLKConfig
                0x08002130      0x2bc Drivers\STM32L0xx_HAL_Driver\Src\stm32l0xx_hal_rcc_ex.o
                0x08002130                HAL_RCCEx_PeriphCLKConfig
 .text.HAL_UART_Init
                0x080023ec       0xa8 Drivers\STM32L0xx_HAL_Driver\Src\stm32l0xx_hal_uart.o
                0x080023ec                HAL_UART_Init
 .text.HAL_UART_Transmit
                0x08002494      0x14e Drivers\STM32L0xx_HAL_Driver\Src\stm32l0xx_hal_uart.o
                0x08002494                HAL_UART_Transmit
 *fill*         0x080025e2        0x2 
 .text.HAL_UART_Receive_IT
                0x080025e4       0xcc Drivers\STM32L0xx_HAL_Driver\Src\stm32l0xx_hal_uart.o
                0x080025e4                HAL_UART_Receive_IT
 .text.HAL_UART_IRQHandler
                0x080026b0      0x5b4 Drivers\STM32L0xx_HAL_Driver\Src\stm32l0xx_hal_uart.o
                0x080026b0                HAL_UART_IRQHandler
 .text.HAL_UART_TxCpltCallback
                0x08002c64       0x10 Drivers\STM32L0xx_HAL_Driver\Src\stm32l0xx_hal_uart.o
                0x08002c64                HAL_UART_TxCpltCallback
 .text.HAL_UART_ErrorCallback
                0x08002c74       0x10 Drivers\STM32L0xx_HAL_Driver\Src\stm32l0xx_hal_uart.o
                0x08002c74                HAL_UART_ErrorCallback
 .text.HAL_UARTEx_RxEventCallback
                0x08002c84       0x16 Drivers\STM32L0xx_HAL_Driver\Src\stm32l0xx_hal_uart.o
                0x08002c84                HAL_UARTEx_RxEventCallback
 *fill*         0x08002c9a        0x2 
 .text.UART_SetConfig
                0x08002c9c      0x548 Drivers\STM32L0xx_HAL_Driver\Src\stm32l0xx_hal_uart.o
                0x08002c9c                UART_SetConfig
 .text.UART_AdvFeatureConfig
                0x080031e4      0x158 Drivers\STM32L0xx_HAL_Driver\Src\stm32l0xx_hal_uart.o
                0x080031e4                UART_AdvFeatureConfig
 .text.UART_CheckIdleState
                0x0800333c       0x94 Drivers\STM32L0xx_HAL_Driver\Src\stm32l0xx_hal_uart.o
                0x0800333c                UART_CheckIdleState
 .text.UART_WaitOnFlagUntilTimeout
                0x080033d0      0x178 Drivers\STM32L0xx_HAL_Driver\Src\stm32l0xx_hal_uart.o
                0x080033d0                UART_WaitOnFlagUntilTimeout
 .text.UART_Start_Receive_IT
                0x08003548      0x158 Drivers\STM32L0xx_HAL_Driver\Src\stm32l0xx_hal_uart.o
                0x08003548                UART_Start_Receive_IT
 .text.UART_EndRxTransfer
                0x080036a0       0xb8 Drivers\STM32L0xx_HAL_Driver\Src\stm32l0xx_hal_uart.o
 .text.UART_DMAAbortOnError
                0x08003758       0x2e Drivers\STM32L0xx_HAL_Driver\Src\stm32l0xx_hal_uart.o
 .text.UART_EndTransmit_IT
                0x08003786       0x52 Drivers\STM32L0xx_HAL_Driver\Src\stm32l0xx_hal_uart.o
 .text.UART_RxISR_8BIT
                0x080037d8      0x160 Drivers\STM32L0xx_HAL_Driver\Src\stm32l0xx_hal_uart.o
 .text.UART_RxISR_16BIT
                0x08003938      0x160 Drivers\STM32L0xx_HAL_Driver\Src\stm32l0xx_hal_uart.o
 .text.HAL_UARTEx_WakeupCallback
                0x08003a98       0x10 Drivers\STM32L0xx_HAL_Driver\Src\stm32l0xx_hal_uart_ex.o
                0x08003a98                HAL_UARTEx_WakeupCallback
 .text.Reset_Handler
                0x08003aa8       0x50 startup\startup_stm32l053xx.o
                0x08003aa8                Reset_Handler
 .text.Default_Handler
                0x08003af8        0x2 startup\startup_stm32l053xx.o
                0x08003af8                TSC_IRQHandler
                0x08003af8                ADC1_COMP_IRQHandler
                0x08003af8                PVD_IRQHandler
                0x08003af8                I2C1_IRQHandler
                0x08003af8                SPI1_IRQHandler
                0x08003af8                TIM6_DAC_IRQHandler
                0x08003af8                EXTI2_3_IRQHandler
                0x08003af8                I2C2_IRQHandler
                0x08003af8                RTC_IRQHandler
                0x08003af8                LCD_IRQHandler
                0x08003af8                EXTI4_15_IRQHandler
                0x08003af8                DMA1_Channel1_IRQHandler
                0x08003af8                Default_Handler
                0x08003af8                TIM22_IRQHandler
                0x08003af8                EXTI0_1_IRQHandler
                0x08003af8                USB_IRQHandler
                0x08003af8                SPI2_IRQHandler
                0x08003af8                TIM21_IRQHandler
                0x08003af8                WWDG_IRQHandler
                0x08003af8                TIM2_IRQHandler
                0x08003af8                DMA1_Channel2_3_IRQHandler
                0x08003af8                FLASH_IRQHandler
                0x08003af8                USART1_IRQHandler
                0x08003af8                RNG_LPUART1_IRQHandler
                0x08003af8                LPTIM1_IRQHandler
 *fill*         0x08003afa        0x2 
 .text.__libc_init_array
                0x08003afc       0x48 d:/programlar/attolic/truestudio for stm32 9.3.0/armtools/bin/../lib/gcc/arm-atollic-eabi/6.3.1/../../../../arm-atollic-eabi/lib/armv6-m\libc_nano.a(lib_a-init.o)
                0x08003afc                __libc_init_array
 .text.memset   0x08003b44       0x10 d:/programlar/attolic/truestudio for stm32 9.3.0/armtools/bin/../lib/gcc/arm-atollic-eabi/6.3.1/../../../../arm-atollic-eabi/lib/armv6-m\libc_nano.a(lib_a-memset.o)
                0x08003b44                memset
 *(.glue_7)
 .glue_7        0x08003b54        0x0 linker stubs
 *(.glue_7t)
 .glue_7t       0x08003b54        0x0 linker stubs
 *(.eh_frame)
 .eh_frame      0x08003b54        0x0 d:/programlar/attolic/truestudio for stm32 9.3.0/armtools/bin/../lib/gcc/arm-atollic-eabi/6.3.1/armv6-m/crtbegin.o
 *(.init)
 .init          0x08003b54        0x4 d:/programlar/attolic/truestudio for stm32 9.3.0/armtools/bin/../lib/gcc/arm-atollic-eabi/6.3.1/armv6-m/crti.o
                0x08003b54                _init
 .init          0x08003b58        0x8 d:/programlar/attolic/truestudio for stm32 9.3.0/armtools/bin/../lib/gcc/arm-atollic-eabi/6.3.1/armv6-m/crtn.o
 *(.fini)
 .fini          0x08003b60        0x4 d:/programlar/attolic/truestudio for stm32 9.3.0/armtools/bin/../lib/gcc/arm-atollic-eabi/6.3.1/armv6-m/crti.o
                0x08003b60                _fini
 .fini          0x08003b64        0x8 d:/programlar/attolic/truestudio for stm32 9.3.0/armtools/bin/../lib/gcc/arm-atollic-eabi/6.3.1/armv6-m/crtn.o
                0x08003b6c                . = ALIGN (0x4)
                0x08003b6c                _etext = .

.vfp11_veneer   0x08003b6c        0x0
 .vfp11_veneer  0x08003b6c        0x0 linker stubs

.v4_bx          0x08003b6c        0x0
 .v4_bx         0x08003b6c        0x0 linker stubs

.iplt           0x08003b6c        0x0
 .iplt          0x08003b6c        0x0 d:/programlar/attolic/truestudio for stm32 9.3.0/armtools/bin/../lib/gcc/arm-atollic-eabi/6.3.1/armv6-m/crtbegin.o

.rodata         0x08003b6c       0x6c
                0x08003b6c                . = ALIGN (0x4)
 *(.rodata)
 *(.rodata*)
 .rodata.AHBPrescTable
                0x08003b6c       0x10 Core\Src\system_stm32l0xx.o
                0x08003b6c                AHBPrescTable
 .rodata.APBPrescTable
                0x08003b7c        0x8 Core\Src\system_stm32l0xx.o
                0x08003b7c                APBPrescTable
 .rodata.PLLMulTable
                0x08003b84        0x9 Core\Src\system_stm32l0xx.o
                0x08003b84                PLLMulTable
 *fill*         0x08003b8d        0x3 
 .rodata.UART_SetConfig
                0x08003b90       0x48 Drivers\STM32L0xx_HAL_Driver\Src\stm32l0xx_hal_uart.o
                0x08003bd8                . = ALIGN (0x4)

.ARM.extab
 *(.ARM.extab* .gnu.linkonce.armextab.*)

.ARM            0x08003bd8        0x8
                0x08003bd8                __exidx_start = .
 *(.ARM.exidx*)
 .ARM.exidx     0x08003bd8        0x8 d:/programlar/attolic/truestudio for stm32 9.3.0/armtools/bin/../lib/gcc/arm-atollic-eabi/6.3.1/armv6-m\libgcc.a(_udivmoddi4.o)
                0x08003be0                __exidx_end = .

.rel.dyn        0x08003be0        0x0
 .rel.iplt      0x08003be0        0x0 d:/programlar/attolic/truestudio for stm32 9.3.0/armtools/bin/../lib/gcc/arm-atollic-eabi/6.3.1/armv6-m/crtbegin.o

.preinit_array  0x08003be0        0x0
                0x08003be0                PROVIDE (__preinit_array_start, .)
 *(.preinit_array*)
                0x08003be0                PROVIDE (__preinit_array_end, .)

.init_array     0x08003be0        0x4
                0x08003be0                PROVIDE (__init_array_start, .)
 *(SORT(.init_array.*))
 *(.init_array*)
 .init_array    0x08003be0        0x4 d:/programlar/attolic/truestudio for stm32 9.3.0/armtools/bin/../lib/gcc/arm-atollic-eabi/6.3.1/armv6-m/crtbegin.o
                0x08003be4                PROVIDE (__init_array_end, .)

.fini_array     0x08003be4        0x4
                [!provide]                PROVIDE (__fini_array_start, .)
 *(SORT(.fini_array.*))
 *(.fini_array*)
 .fini_array    0x08003be4        0x4 d:/programlar/attolic/truestudio for stm32 9.3.0/armtools/bin/../lib/gcc/arm-atollic-eabi/6.3.1/armv6-m/crtbegin.o
                [!provide]                PROVIDE (__fini_array_end, .)
                0x08003be8                _sidata = LOADADDR (.data)

.data           0x20000000       0x14 load address 0x08003be8
                0x20000000                . = ALIGN (0x4)
                0x20000000                _sdata = .
 *(.data)
 *(.data*)
 .data.myRxData
                0x20000000        0x6 Core\Src\main.o
                0x20000000                myRxData
 *fill*         0x20000006        0x2 
 .data.SystemCoreClock
                0x20000008        0x4 Core\Src\system_stm32l0xx.o
                0x20000008                SystemCoreClock
 .data.uwTickPrio
                0x2000000c        0x4 Drivers\STM32L0xx_HAL_Driver\Src\stm32l0xx_hal.o
                0x2000000c                uwTickPrio
 .data.uwTickFreq
                0x20000010        0x1 Drivers\STM32L0xx_HAL_Driver\Src\stm32l0xx_hal.o
                0x20000010                uwTickFreq
                0x20000014                . = ALIGN (0x4)
 *fill*         0x20000011        0x3 
                0x20000014                _edata = .

.igot.plt       0x20000014        0x0 load address 0x08003bfc
 .igot.plt      0x20000014        0x0 d:/programlar/attolic/truestudio for stm32 9.3.0/armtools/bin/../lib/gcc/arm-atollic-eabi/6.3.1/armv6-m/crtbegin.o
                0x20000014                . = ALIGN (0x4)

.bss            0x20000014      0x15c load address 0x08003bfc
                0x20000014                _sbss = .
                0x20000014                __bss_start__ = _sbss
 *(.bss)
 .bss           0x20000014       0x1c d:/programlar/attolic/truestudio for stm32 9.3.0/armtools/bin/../lib/gcc/arm-atollic-eabi/6.3.1/armv6-m/crtbegin.o
 *(.bss*)
 .bss.myRx_sayac
                0x20000030        0x1 Core\Src\main.o
                0x20000030                myRx_sayac
 .bss.bitti_flag
                0x20000031        0x1 Core\Src\main.o
                0x20000031                bitti_flag
 *(COMMON)
 *fill*         0x20000032        0x2 
 COMMON         0x20000034      0x136 Core\Src\main.o
                0x20000034                hdma_usart2_rx
                0x2000007c                Gl_tur
                0x20000084                Gl_step
                0x2000008c                hdma_usart2_tx
                0x200000d4                Gl_sol_flag
                0x200000d5                Gl_sag_flag
                0x200000d6                index_no
                0x200000d8                Gl_frekans
                0x200000e0                huart2
                0x20000164                Gl_saniye
                0x20000169                Gl_adim_dondurme_flag
 *fill*         0x2000016a        0x2 
 COMMON         0x2000016c        0x4 Drivers\STM32L0xx_HAL_Driver\Src\stm32l0xx_hal.o
                0x2000016c                uwTick
                0x20000170                . = ALIGN (0x4)
                0x20000170                _ebss = .
                0x20000170                __bss_end__ = _ebss

._user_heap_stack
                0x20000170      0x600 load address 0x08003bfc
                0x20000170                . = ALIGN (0x4)
                0x20000170                PROVIDE (end, .)
                [!provide]                PROVIDE (_end, .)
                0x20000370                . = (. + _Min_Heap_Size)
 *fill*         0x20000170      0x200 
                0x20000770                . = (. + _Min_Stack_Size)
 *fill*         0x20000370      0x400 
                0x20000770                . = ALIGN (0x4)

/DISCARD/
 libc.a(*)
 libm.a(*)
 libgcc.a(*)

.ARM.attributes
                0x00000000       0x28
 *(.ARM.attributes)
 .ARM.attributes
                0x00000000       0x1e d:/programlar/attolic/truestudio for stm32 9.3.0/armtools/bin/../lib/gcc/arm-atollic-eabi/6.3.1/armv6-m/crti.o
 .ARM.attributes
                0x0000001e       0x2c d:/programlar/attolic/truestudio for stm32 9.3.0/armtools/bin/../lib/gcc/arm-atollic-eabi/6.3.1/armv6-m/crtbegin.o
 .ARM.attributes
                0x0000004a       0x32 Core\Src\main.o
 .ARM.attributes
                0x0000007c       0x32 Core\Src\stm32l0xx_hal_msp.o
 .ARM.attributes
                0x000000ae       0x32 Core\Src\stm32l0xx_it.o
 .ARM.attributes
                0x000000e0       0x32 Core\Src\system_stm32l0xx.o
 .ARM.attributes
                0x00000112       0x32 Drivers\STM32L0xx_HAL_Driver\Src\stm32l0xx_hal.o
 .ARM.attributes
                0x00000144       0x32 Drivers\STM32L0xx_HAL_Driver\Src\stm32l0xx_hal_cortex.o
 .ARM.attributes
                0x00000176       0x32 Drivers\STM32L0xx_HAL_Driver\Src\stm32l0xx_hal_dma.o
 .ARM.attributes
                0x000001a8       0x32 Drivers\STM32L0xx_HAL_Driver\Src\stm32l0xx_hal_gpio.o
 .ARM.attributes
                0x000001da       0x32 Drivers\STM32L0xx_HAL_Driver\Src\stm32l0xx_hal_rcc.o
 .ARM.attributes
                0x0000020c       0x32 Drivers\STM32L0xx_HAL_Driver\Src\stm32l0xx_hal_rcc_ex.o
 .ARM.attributes
                0x0000023e       0x32 Drivers\STM32L0xx_HAL_Driver\Src\stm32l0xx_hal_uart.o
 .ARM.attributes
                0x00000270       0x32 Drivers\STM32L0xx_HAL_Driver\Src\stm32l0xx_hal_uart_ex.o
 .ARM.attributes
                0x000002a2       0x22 startup\startup_stm32l053xx.o
 .ARM.attributes
                0x000002c4       0x2c d:/programlar/attolic/truestudio for stm32 9.3.0/armtools/bin/../lib/gcc/arm-atollic-eabi/6.3.1/../../../../arm-atollic-eabi/lib/armv6-m\libc_nano.a(lib_a-init.o)
 .ARM.attributes
                0x000002f0       0x2c d:/programlar/attolic/truestudio for stm32 9.3.0/armtools/bin/../lib/gcc/arm-atollic-eabi/6.3.1/../../../../arm-atollic-eabi/lib/armv6-m\libc_nano.a(lib_a-memset.o)
 .ARM.attributes
                0x0000031c       0x1e d:/programlar/attolic/truestudio for stm32 9.3.0/armtools/bin/../lib/gcc/arm-atollic-eabi/6.3.1/armv6-m\libgcc.a(_udivsi3.o)
 .ARM.attributes
                0x0000033a       0x1e d:/programlar/attolic/truestudio for stm32 9.3.0/armtools/bin/../lib/gcc/arm-atollic-eabi/6.3.1/armv6-m\libgcc.a(_dvmd_tls.o)
 .ARM.attributes
                0x00000358       0x1e d:/programlar/attolic/truestudio for stm32 9.3.0/armtools/bin/../lib/gcc/arm-atollic-eabi/6.3.1/armv6-m\libgcc.a(_aeabi_uldivmod.o)
 .ARM.attributes
                0x00000376       0x2c d:/programlar/attolic/truestudio for stm32 9.3.0/armtools/bin/../lib/gcc/arm-atollic-eabi/6.3.1/armv6-m\libgcc.a(_muldi3.o)
 .ARM.attributes
                0x000003a2       0x2c d:/programlar/attolic/truestudio for stm32 9.3.0/armtools/bin/../lib/gcc/arm-atollic-eabi/6.3.1/armv6-m\libgcc.a(_udivmoddi4.o)
 .ARM.attributes
                0x000003ce       0x1e d:/programlar/attolic/truestudio for stm32 9.3.0/armtools/bin/../lib/gcc/arm-atollic-eabi/6.3.1/armv6-m\libgcc.a(_clzdi2.o)
 .ARM.attributes
                0x000003ec       0x1e d:/programlar/attolic/truestudio for stm32 9.3.0/armtools/bin/../lib/gcc/arm-atollic-eabi/6.3.1/armv6-m\libgcc.a(_clzsi2.o)
 .ARM.attributes
                0x0000040a       0x1e d:/programlar/attolic/truestudio for stm32 9.3.0/armtools/bin/../lib/gcc/arm-atollic-eabi/6.3.1/armv6-m/crtn.o
OUTPUT(uart_haberlesme.elf elf32-littlearm)

.debug_info     0x00000000     0xa31e
 .debug_info    0x00000000     0x10be Core\Src\main.o
 .debug_info    0x000010be      0xa2f Core\Src\stm32l0xx_hal_msp.o
 .debug_info    0x00001aed      0x7ae Core\Src\stm32l0xx_it.o
 .debug_info    0x0000229b      0x336 Core\Src\system_stm32l0xx.o
 .debug_info    0x000025d1      0x874 Drivers\STM32L0xx_HAL_Driver\Src\stm32l0xx_hal.o
 .debug_info    0x00002e45      0x91e Drivers\STM32L0xx_HAL_Driver\Src\stm32l0xx_hal_cortex.o
 .debug_info    0x00003763      0x7c2 Drivers\STM32L0xx_HAL_Driver\Src\stm32l0xx_hal_dma.o
 .debug_info    0x00003f25      0x71c Drivers\STM32L0xx_HAL_Driver\Src\stm32l0xx_hal_gpio.o
 .debug_info    0x00004641      0x9ba Drivers\STM32L0xx_HAL_Driver\Src\stm32l0xx_hal_rcc.o
 .debug_info    0x00004ffb      0x851 Drivers\STM32L0xx_HAL_Driver\Src\stm32l0xx_hal_rcc_ex.o
 .debug_info    0x0000584c     0x3d23 Drivers\STM32L0xx_HAL_Driver\Src\stm32l0xx_hal_uart.o
 .debug_info    0x0000956f      0xd45 Drivers\STM32L0xx_HAL_Driver\Src\stm32l0xx_hal_uart_ex.o
 .debug_info    0x0000a2b4       0x6a startup\startup_stm32l053xx.o

.debug_abbrev   0x00000000     0x185e
 .debug_abbrev  0x00000000      0x337 Core\Src\main.o
 .debug_abbrev  0x00000337      0x185 Core\Src\stm32l0xx_hal_msp.o
 .debug_abbrev  0x000004bc      0x164 Core\Src\stm32l0xx_it.o
 .debug_abbrev  0x00000620      0x126 Core\Src\system_stm32l0xx.o
 .debug_abbrev  0x00000746      0x230 Drivers\STM32L0xx_HAL_Driver\Src\stm32l0xx_hal.o
 .debug_abbrev  0x00000976      0x277 Drivers\STM32L0xx_HAL_Driver\Src\stm32l0xx_hal_cortex.o
 .debug_abbrev  0x00000bed      0x1c7 Drivers\STM32L0xx_HAL_Driver\Src\stm32l0xx_hal_dma.o
 .debug_abbrev  0x00000db4      0x1bb Drivers\STM32L0xx_HAL_Driver\Src\stm32l0xx_hal_gpio.o
 .debug_abbrev  0x00000f6f      0x215 Drivers\STM32L0xx_HAL_Driver\Src\stm32l0xx_hal_rcc.o
 .debug_abbrev  0x00001184      0x1dc Drivers\STM32L0xx_HAL_Driver\Src\stm32l0xx_hal_rcc_ex.o
 .debug_abbrev  0x00001360      0x287 Drivers\STM32L0xx_HAL_Driver\Src\stm32l0xx_hal_uart.o
 .debug_abbrev  0x000015e7      0x265 Drivers\STM32L0xx_HAL_Driver\Src\stm32l0xx_hal_uart_ex.o
 .debug_abbrev  0x0000184c       0x12 startup\startup_stm32l053xx.o

.debug_aranges  0x00000000      0x808
 .debug_aranges
                0x00000000       0xa0 Core\Src\main.o
 .debug_aranges
                0x000000a0       0x30 Core\Src\stm32l0xx_hal_msp.o
 .debug_aranges
                0x000000d0       0x58 Core\Src\stm32l0xx_it.o
 .debug_aranges
                0x00000128       0x28 Core\Src\system_stm32l0xx.o
 .debug_aranges
                0x00000150      0x110 Drivers\STM32L0xx_HAL_Driver\Src\stm32l0xx_hal.o
 .debug_aranges
                0x00000260       0xd8 Drivers\STM32L0xx_HAL_Driver\Src\stm32l0xx_hal_cortex.o
 .debug_aranges
                0x00000338       0x80 Drivers\STM32L0xx_HAL_Driver\Src\stm32l0xx_hal_dma.o
 .debug_aranges
                0x000003b8       0x58 Drivers\STM32L0xx_HAL_Driver\Src\stm32l0xx_hal_gpio.o
 .debug_aranges
                0x00000410       0x80 Drivers\STM32L0xx_HAL_Driver\Src\stm32l0xx_hal_rcc.o
 .debug_aranges
                0x00000490       0xb0 Drivers\STM32L0xx_HAL_Driver\Src\stm32l0xx_hal_rcc_ex.o
 .debug_aranges
                0x00000540      0x228 Drivers\STM32L0xx_HAL_Driver\Src\stm32l0xx_hal_uart.o
 .debug_aranges
                0x00000768       0x78 Drivers\STM32L0xx_HAL_Driver\Src\stm32l0xx_hal_uart_ex.o
 .debug_aranges
                0x000007e0       0x28 startup\startup_stm32l053xx.o

.debug_ranges   0x00000000      0x770
 .debug_ranges  0x00000000       0x90 Core\Src\main.o
 .debug_ranges  0x00000090       0x20 Core\Src\stm32l0xx_hal_msp.o
 .debug_ranges  0x000000b0       0x48 Core\Src\stm32l0xx_it.o
 .debug_ranges  0x000000f8       0x18 Core\Src\system_stm32l0xx.o
 .debug_ranges  0x00000110      0x100 Drivers\STM32L0xx_HAL_Driver\Src\stm32l0xx_hal.o
 .debug_ranges  0x00000210       0xc8 Drivers\STM32L0xx_HAL_Driver\Src\stm32l0xx_hal_cortex.o
 .debug_ranges  0x000002d8       0x70 Drivers\STM32L0xx_HAL_Driver\Src\stm32l0xx_hal_dma.o
 .debug_ranges  0x00000348       0x48 Drivers\STM32L0xx_HAL_Driver\Src\stm32l0xx_hal_gpio.o
 .debug_ranges  0x00000390       0x70 Drivers\STM32L0xx_HAL_Driver\Src\stm32l0xx_hal_rcc.o
 .debug_ranges  0x00000400       0xa0 Drivers\STM32L0xx_HAL_Driver\Src\stm32l0xx_hal_rcc_ex.o
 .debug_ranges  0x000004a0      0x248 Drivers\STM32L0xx_HAL_Driver\Src\stm32l0xx_hal_uart.o
 .debug_ranges  0x000006e8       0x68 Drivers\STM32L0xx_HAL_Driver\Src\stm32l0xx_hal_uart_ex.o
 .debug_ranges  0x00000750       0x20 startup\startup_stm32l053xx.o

.debug_line     0x00000000     0x4455
 .debug_line    0x00000000      0x475 Core\Src\main.o
 .debug_line    0x00000475      0x25c Core\Src\stm32l0xx_hal_msp.o
 .debug_line    0x000006d1      0x273 Core\Src\stm32l0xx_it.o
 .debug_line    0x00000944      0x1df Core\Src\system_stm32l0xx.o
 .debug_line    0x00000b23      0x448 Drivers\STM32L0xx_HAL_Driver\Src\stm32l0xx_hal.o
 .debug_line    0x00000f6b      0x451 Drivers\STM32L0xx_HAL_Driver\Src\stm32l0xx_hal_cortex.o
 .debug_line    0x000013bc      0x3f2 Drivers\STM32L0xx_HAL_Driver\Src\stm32l0xx_hal_dma.o
 .debug_line    0x000017ae      0x378 Drivers\STM32L0xx_HAL_Driver\Src\stm32l0xx_hal_gpio.o
 .debug_line    0x00001b26      0x4dc Drivers\STM32L0xx_HAL_Driver\Src\stm32l0xx_hal_rcc.o
 .debug_line    0x00002002      0x50c Drivers\STM32L0xx_HAL_Driver\Src\stm32l0xx_hal_rcc_ex.o
 .debug_line    0x0000250e     0x18b6 Drivers\STM32L0xx_HAL_Driver\Src\stm32l0xx_hal_uart.o
 .debug_line    0x00003dc4      0x60f Drivers\STM32L0xx_HAL_Driver\Src\stm32l0xx_hal_uart_ex.o
 .debug_line    0x000043d3       0x82 startup\startup_stm32l053xx.o

.debug_str      0x00000000     0x27c9
 .debug_str     0x00000000      0xc93 Core\Src\main.o
                                0xd2e (size before relaxing)
 .debug_str     0x00000c93       0x56 Core\Src\stm32l0xx_hal_msp.o
                                0x96d (size before relaxing)
 .debug_str     0x00000ce9       0xc9 Core\Src\stm32l0xx_it.o
                                0x745 (size before relaxing)
 .debug_str     0x00000db2       0x61 Core\Src\system_stm32l0xx.o
                                0x33a (size before relaxing)
 .debug_str     0x00000e13      0x3a4 Drivers\STM32L0xx_HAL_Driver\Src\stm32l0xx_hal.o
                                0x858 (size before relaxing)
 .debug_str     0x000011b7      0x3a7 Drivers\STM32L0xx_HAL_Driver\Src\stm32l0xx_hal_cortex.o
                                0x7cb (size before relaxing)
 .debug_str     0x0000155e      0x26c Drivers\STM32L0xx_HAL_Driver\Src\stm32l0xx_hal_dma.o
                                0x6ec (size before relaxing)
 .debug_str     0x000017ca      0x125 Drivers\STM32L0xx_HAL_Driver\Src\stm32l0xx_hal_gpio.o
                                0x512 (size before relaxing)
 .debug_str     0x000018ef      0x1e8 Drivers\STM32L0xx_HAL_Driver\Src\stm32l0xx_hal_rcc.o
                                0x73c (size before relaxing)
 .debug_str     0x00001ad7      0x36b Drivers\STM32L0xx_HAL_Driver\Src\stm32l0xx_hal_rcc_ex.o
                                0x808 (size before relaxing)
 .debug_str     0x00001e42      0x790 Drivers\STM32L0xx_HAL_Driver\Src\stm32l0xx_hal_uart.o
                                0xf33 (size before relaxing)
 .debug_str     0x000025d2      0x1f7 Drivers\STM32L0xx_HAL_Driver\Src\stm32l0xx_hal_uart_ex.o
                                0x8fb (size before relaxing)

.comment        0x00000000       0x7c
 .comment       0x00000000       0x7c Core\Src\main.o
                                 0x7d (size before relaxing)
 .comment       0x0000007c       0x7d Core\Src\stm32l0xx_hal_msp.o
 .comment       0x0000007c       0x7d Core\Src\stm32l0xx_it.o
 .comment       0x0000007c       0x7d Core\Src\system_stm32l0xx.o
 .comment       0x0000007c       0x7d Drivers\STM32L0xx_HAL_Driver\Src\stm32l0xx_hal.o
 .comment       0x0000007c       0x7d Drivers\STM32L0xx_HAL_Driver\Src\stm32l0xx_hal_cortex.o
 .comment       0x0000007c       0x7d Drivers\STM32L0xx_HAL_Driver\Src\stm32l0xx_hal_dma.o
 .comment       0x0000007c       0x7d Drivers\STM32L0xx_HAL_Driver\Src\stm32l0xx_hal_gpio.o
 .comment       0x0000007c       0x7d Drivers\STM32L0xx_HAL_Driver\Src\stm32l0xx_hal_rcc.o
 .comment       0x0000007c       0x7d Drivers\STM32L0xx_HAL_Driver\Src\stm32l0xx_hal_rcc_ex.o
 .comment       0x0000007c       0x7d Drivers\STM32L0xx_HAL_Driver\Src\stm32l0xx_hal_uart.o
 .comment       0x0000007c       0x7d Drivers\STM32L0xx_HAL_Driver\Src\stm32l0xx_hal_uart_ex.o

.debug_frame    0x00000000     0x1ba0
 .debug_frame   0x00000000      0x208 Core\Src\main.o
 .debug_frame   0x00000208       0x6c Core\Src\stm32l0xx_hal_msp.o
 .debug_frame   0x00000274       0xf0 Core\Src\stm32l0xx_it.o
 .debug_frame   0x00000364       0x4c Core\Src\system_stm32l0xx.o
 .debug_frame   0x000003b0      0x390 Drivers\STM32L0xx_HAL_Driver\Src\stm32l0xx_hal.o
 .debug_frame   0x00000740      0x300 Drivers\STM32L0xx_HAL_Driver\Src\stm32l0xx_hal_cortex.o
 .debug_frame   0x00000a40      0x1b0 Drivers\STM32L0xx_HAL_Driver\Src\stm32l0xx_hal_dma.o
 .debug_frame   0x00000bf0      0x110 Drivers\STM32L0xx_HAL_Driver\Src\stm32l0xx_hal_gpio.o
 .debug_frame   0x00000d00      0x19c Drivers\STM32L0xx_HAL_Driver\Src\stm32l0xx_hal_rcc.o
 .debug_frame   0x00000e9c      0x244 Drivers\STM32L0xx_HAL_Driver\Src\stm32l0xx_hal_rcc_ex.o
 .debug_frame   0x000010e0      0x854 Drivers\STM32L0xx_HAL_Driver\Src\stm32l0xx_hal_uart.o
 .debug_frame   0x00001934      0x190 Drivers\STM32L0xx_HAL_Driver\Src\stm32l0xx_hal_uart_ex.o
 .debug_frame   0x00001ac4       0x2c d:/programlar/attolic/truestudio for stm32 9.3.0/armtools/bin/../lib/gcc/arm-atollic-eabi/6.3.1/../../../../arm-atollic-eabi/lib/armv6-m\libc_nano.a(lib_a-init.o)
 .debug_frame   0x00001af0       0x20 d:/programlar/attolic/truestudio for stm32 9.3.0/armtools/bin/../lib/gcc/arm-atollic-eabi/6.3.1/../../../../arm-atollic-eabi/lib/armv6-m\libc_nano.a(lib_a-memset.o)
 .debug_frame   0x00001b10       0x20 d:/programlar/attolic/truestudio for stm32 9.3.0/armtools/bin/../lib/gcc/arm-atollic-eabi/6.3.1/armv6-m\libgcc.a(_udivsi3.o)
 .debug_frame   0x00001b30       0x34 d:/programlar/attolic/truestudio for stm32 9.3.0/armtools/bin/../lib/gcc/arm-atollic-eabi/6.3.1/armv6-m\libgcc.a(_muldi3.o)
 .debug_frame   0x00001b64       0x3c d:/programlar/attolic/truestudio for stm32 9.3.0/armtools/bin/../lib/gcc/arm-atollic-eabi/6.3.1/armv6-m\libgcc.a(_udivmoddi4.o)
